
[90mWXT[39m [90m[1m0.20.17[22m[39m
[36mΓä╣[39m Building [36mchrome-mv3[39m for [36mproduction[39m with [32mVite 6.4.1[39m
[Cache] Loaded 0 entries from storage
[Cache] Loaded 0 entries from storage
[Cache] Loaded 0 entries from storage
[Swarm] Initialized 8 specialized AI agents
[Swarm] Initialized 8 specialized AI agents
[Background] Swarm coordinator initialized
[Background] Reasoning engine initialized
[Background] Persistent autonomous engine initialized
node.exe : - 
Preparing...
At line:1 char:1
+ & "C:\Program 
Files\nodejs/node.exe" 
"C:\Program 
Files\nodejs/node_mo 
...
+ ~~~~~~~~~~~~~~~~~~~~~
~~~~~~~~~~~~~~~~~~~~~~~
~~~~~~~~~~~~~~~~~~~~~~~
~~
    + CategoryInfo     
         : NotSpecifi  
  ed: (- Preparing..   
 .:String) [], Remo    
teException
    + FullyQualifiedEr 
   rorId : NativeComm  
  andError
 
[31mΓ£ù[39m Build 
failed in 228ms

[41m[30m ERROR 
[39m[49m 
[31m[vite:css] Failed 
to load PostCSS config 
(searchPath: C:/Users/A
dministrator/Desktop/Ch
rome Hyper Agent): 
[ReferenceError] 
module is not defined 
in ES module scope
This file is being 
treated as an ES 
module because it has 
a '.js' file extension 
and 'C:\Users\Administr
ator\Desktop\Chrome 
Hyper 
Agent\package.json' 
contains "type": 
"module". To treat it 
as a CommonJS script, 
rename it to use the 
'.cjs' file extension.
ReferenceError: module 
is not defined in ES 
module scope
This file is being 
treated as an ES 
module because it has 
a '.js' file extension 
and 'C:\Users\Administr
ator\Desktop\Chrome 
Hyper 
Agent\package.json' 
contains "type": 
"module". To treat it 
as a CommonJS script, 
rename it to use the 
'.cjs' file extension.
    at file:///C:/Users
/Administrator/Desktop/
Chrome%20Hyper%20Agent/
postcss.config.js?t=177
1716647791:1:1
    at ModuleJob.run (n
ode:internal/modules/es
m/module_job:413:25)
    at onImport.tracePr
omise.__proto__ (node:i
nternal/modules/esm/loa
der:660:26)
    at req$3 (file:///C
:/Users/Administrator/D
esktop/Chrome%20Hyper%2
0Agent/node_modules/vit
e/dist/node/chunks/dep-
D4NMHUTW.js:11658:13)
    at Object.search (f
ile:///C:/Users/Adminis
trator/Desktop/Chrome%2
0Hyper%20Agent/node_mod
ules/vite/dist/node/chu
nks/dep-D4NMHUTW.js:114
00:23)[39m
file: [36mC:/Users/Adm
inistrator/Desktop/Chro
me Hyper Agent/entrypoi
nts/options/style.css[
39m

    

[31mΓ£û[39m Command failed after 9.168 s

[41m[30m ERROR 
[39m[49m Failed to 
build options, 
sidepanel

    [90mat 
[39mbuildEntrypoints (
[36m/C:/Users/Administ
rator/Desktop/Chrome%20
Hyper%20Agent/node_modu
les/wxt/dist/core/utils
/building/build-entrypo
ints.mjs:21:10[39m)
    [90mat 
[39mrebuild ([36m/C:/
Users/Administrator/Des
ktop/Chrome%20Hyper%20A
gent/node_modules/wxt/d
ist/core/utils/building
/rebuild.mjs:33:20[39m
)
    [90mat 
[39minternalBuild ([3
6m/C:/Users/Administrat
or/Desktop/Chrome%20Hyp
er%20Agent/node_modules
/wxt/dist/core/utils/bu
ilding/internal-build.m
js:46:31[39m)
    [90mat [39mbuild 
([36m/C:/Users/Adminis
trator/Desktop/Chrome%2
0Hyper%20Agent/node_mod
ules/wxt/dist/core/buil
d.mjs:21:9[39m)
    [90mat [39m/C:/Us
ers/Administrator/Deskt
op/Chrome%20Hyper%20Age
nt/node_modules/wxt/dis
t/cli/commands.mjs:32:2
    [90mat 
[39mCAC.<anonymous> (
[36m/C:/Users/Administr
ator/Desktop/Chrome%20H
yper%20Agent/node_modul
es/wxt/dist/cli/cli-uti
ls.mjs:22:10[39m)
    [90mat [39m/C:/Us
ers/Administrator/Deskt
op/Chrome%20Hyper%20Age
nt/node_modules/wxt/dis
t/cli/index.mjs:12:1

  [cause]: 
[31m[vite:css] Failed 
to load PostCSS config 
(searchPath: C:/Users/A
dministrator/Desktop/Ch
rome Hyper Agent): 
[ReferenceError] 
module is not defined 
in ES module scope
This file is being 
treated as an ES 
module because it has 
a '.js' file extension 
and 'C:\Users\Administr
ator\Desktop\Chrome 
Hyper 
Agent\package.json' 
contains "type": 
"module". To treat it 
as a CommonJS script, 
rename it to use the 
'.cjs' file extension.
ReferenceError: module 
is not defined in ES 
module scope
This file is being 
treated as an ES 
module because it has 
a '.js' file extension 
and 'C:\Users\Administr
ator\Desktop\Chrome 
Hyper 
Agent\package.json' 
contains "type": 
"module". To treat it 
as a CommonJS script, 
rename it to use the 
'.cjs' file extension.
    at file:///C:/Users
/Administrator/Desktop/
Chrome%20Hyper%20Agent/
postcss.config.js?t=177
1716647791:1:1
    at ModuleJob.run (n
ode:internal/modules/es
m/module_job:413:25)
    at onImport.tracePr
omise.__proto__ (node:i
nternal/modules/esm/loa
der:660:26)
    at req$3 (file:///C
:/Users/Administrator/D
esktop/Chrome%20Hyper%2
0Agent/node_modules/vit
e/dist/node/chunks/dep-
D4NMHUTW.js:11658:13)
    at Object.search (f
ile:///C:/Users/Adminis
trator/Desktop/Chrome%2
0Hyper%20Agent/node_mod
ules/vite/dist/node/chu
nks/dep-D4NMHUTW.js:114
00:23)[39m
file: [36mC:/Users/Adm
inistrator/Desktop/Chro
me Hyper Agent/entrypoi
nts/options/style.css[
39m

      

